// Vitest Snapshot v1, https://vitest.dev/guide/snapshot.html

exports[`Modal Component > should match snapshot 1`] = `
<DocumentFragment>
  <div
    class="flex flex-row rounded-2xl bg-white p-2"
  >
    <div>
      Start
    </div>
    <div
      class="flex flex-1 min-w-0"
      data-rac=""
    >
      <input
        aria-label="test"
        class="flex flex-1 outline-none bg-inherit min-w-0"
        data-rac=""
        id="react-aria-:r0:"
        title=""
        type="text"
        value=""
      />
    </div>
    <div>
      End
    </div>
  </div>
</DocumentFragment>
`;
