// Vitest Snapshot v1, https://vitest.dev/guide/snapshot.html

exports[`TreeViewInput Component > should match snapshot 1`] = `
<DocumentFragment>
  <div
    class="flex items-center"
  >
    <div
      class="w-full"
      data-rac=""
    >
      <input
        aria-label="input-label"
        class="w-full bg-inherit outline-none"
        data-focus-visible="true"
        data-focused="true"
        data-rac=""
        id="react-aria-:r5:"
        title=""
        type="text"
        value="My Documents"
      />
    </div>
  </div>
</DocumentFragment>
`;
