// Jest Snapshot v1, https://goo.gl/fbAQLP

exports[`Connect Sidebar Component should match snapshot 1`] = `
<DocumentFragment>
  <div
    class="group group/sidebar expanded duration-300 flex flex-col h-full overflow-hidden transition-none animate-in fade-in bg-neutral-1 shadow-[0px_33px_32px_-16px_rgba(0,0,0,0.10),0px_0px_16px_4px_rgba(0,0,0,0.04)]"
    data-testid="sidebar"
    style="width: 304px;"
  >
    <div
      class="flex-1 overflow-auto no-scrollbar transition-shadow"
    >
      <div
        class="flex-shrink-0 pt-11 px-2 flex gap-4 justify-center mb-4"
      >
        <input
          class="flex-1 border border-neutral-3 rounded-md py-3 px-5 leading-none placeholder-shown:bg-transparent collapsed:hidden expanding:hidden"
          placeholder="Create new document"
        />
        <button
          class="border border-neutral-3 rounded-md p-3 hover:bg-[#F1F5F9] outline-none
                collapsed:rotate-180 collapsed:border-[rgba(49,53,56,0.12)] collapsed:bg-neutral-3
                collapsed:hover:bg-[#F1F5F9] collapsed:shadow-[0px_33px_32px_-16px_rgba(0,0,0,0.10),0px_0px_16px_4px_rgba(0,0,0,0.04)]
                expanding:hidden"
          data-rac=""
          type="button"
        >
          <div />
        </button>
      </div>
      <div
        class="expanded:block hidden"
      />
    </div>
    <div
      class="flex-shrink-0 border-t border-[#2326271A] p-4 collapsed:px-1 expanding:px-1"
    >
      <div
        class="flex gap-2 bg-white py-[10px] px-3 collapsing:bg-transparent
            collapsed:px-1 collapsed:justify-center collapsed:bg-transparent
            expanding:px-1 expanding:justify-center expanding:bg-transparent
        "
      >
        <img
          alt="Willow"
          class="object-contain"
          height="40"
          src="test-file-stub"
          width="40"
        />
        <div
          class="collapsed:hidden expanding:hidden"
        >
          <p
            class="font-semibold text-sm text-[#404446]"
          >
            Willow
          </p>
          <p
            class="font-semibold text-xs text-[#94A3B8]"
          >
            0x123
          </p>
        </div>
      </div>
      <button
        class="flex gap-3 py-3 w-full px-5 expanding:px-3 collapsed:px-3"
        data-rac=""
        type="button"
      >
        <div />
        <span
          class="font-semibold text-sm leading-6 text-[#404446] expanding:hidden collapsed:hidden"
        >
          Settings
        </span>
      </button>
    </div>
  </div>
</DocumentFragment>
`;
