// Jest Snapshot v1, https://goo.gl/fbAQLP

exports[`Sidebar Component should match snapshot 1`] = `
<DocumentFragment>
  <div
    class="group group/sidebar flex flex-col h-full bg-neutral-1 overflow-hidden shadow-[0px_33px_32px_-16px_rgba(0,0,0,0.10),0px_0px_16px_4px_rgba(0,0,0,0.04)]"
    style="width: 300px;"
  >
    <div
      class="flex-1 overflow-auto no-scrollbar transition-shadow"
      style="box-shadow: none;"
    >
      <div
        class="flex-shrink-0"
      />
    </div>
    <div
      class="flex-shrink-0"
    />
  </div>
</DocumentFragment>
`;
