// Vitest Snapshot v1, https://vitest.dev/guide/snapshot.html

exports[`Modal Component > should match snapshot 1`] = `
<div
  aria-describedby="radix-:r2:"
  aria-labelledby="radix-:r1:"
  class="bg-white data-[state=closed]:animate-zoom-out data-[state=open]:animate-zoom-in rounded-3xl"
  data-state="open"
  data-testid="delete-modal"
  id="radix-:r0:"
  role="dialog"
  style="pointer-events: auto;"
  tabindex="-1"
>
  <div
    class="w-[465px] px-8 py-12 text-slate-300"
  >
    <div
      class="text-center text-2xl font-semibold"
    >
      Delete “Ecosystem Actors” folder?
    </div>
    <div
      class="mt-8 text-center text-xl"
    >
      Are you sure you want to delete this folder? All files and subfolders within it will be removed.
    </div>
    <div
      class="mt-8 flex justify-center gap-3"
    >
      <button
        class="min-h-[48px] min-w-[142px] text-base font-semibold py-3 px-6 rounded-xl outline-none active:opacity-75 hover:scale-105 transform transition-all bg-gray-600/75 text-slate-700"
        data-focus-visible="true"
        data-focused="true"
        data-rac=""
        type="button"
      >
        Cancel
      </button>
      <button
        class="min-h-[48px] min-w-[142px] text-base font-semibold py-3 px-6 rounded-xl outline-none active:opacity-75 hover:scale-105 transform transition-all bg-red-900 text-gray-50"
        data-rac=""
        type="button"
      >
        Delete
      </button>
    </div>
  </div>
</div>
`;
